Archive member included to satisfy reference by file (symbol)

C:/ST/STM32CubeIDE_1.15.1/STM32CubeIDE/plugins/com.st.stm32cube.ide.mcu.externaltools.gnu-tools-for-stm32.12.3.rel1.win32_1.0.100.202403111256/tools/bin/../lib/gcc/arm-none-eabi/12.3.1/../../../../arm-none-eabi/lib/thumb/v7-m/nofp\libc_nano.a(libc_a-exit.o)
                              C:/ST/STM32CubeIDE_1.15.1/STM32CubeIDE/plugins/com.st.stm32cube.ide.mcu.externaltools.gnu-tools-for-stm32.12.3.rel1.win32_1.0.100.202403111256/tools/bin/../lib/gcc/arm-none-eabi/12.3.1/../../../../arm-none-eabi/lib/thumb/v7-m/nofp/crt0.o (exit)
C:/ST/STM32CubeIDE_1.15.1/STM32CubeIDE/plugins/com.st.stm32cube.ide.mcu.externaltools.gnu-tools-for-stm32.12.3.rel1.win32_1.0.100.202403111256/tools/bin/../lib/gcc/arm-none-eabi/12.3.1/../../../../arm-none-eabi/lib/thumb/v7-m/nofp\libc_nano.a(libc_a-findfp.o)
                              ./Middlewares/Third_Party/FreeRTOS/Source/tasks.o (__sf)
C:/ST/STM32CubeIDE_1.15.1/STM32CubeIDE/plugins/com.st.stm32cube.ide.mcu.externaltools.gnu-tools-for-stm32.12.3.rel1.win32_1.0.100.202403111256/tools/bin/../lib/gcc/arm-none-eabi/12.3.1/../../../../arm-none-eabi/lib/thumb/v7-m/nofp\libc_nano.a(libc_a-fwalk.o)
                              C:/ST/STM32CubeIDE_1.15.1/STM32CubeIDE/plugins/com.st.stm32cube.ide.mcu.externaltools.gnu-tools-for-stm32.12.3.rel1.win32_1.0.100.202403111256/tools/bin/../lib/gcc/arm-none-eabi/12.3.1/../../../../arm-none-eabi/lib/thumb/v7-m/nofp\libc_nano.a(libc_a-findfp.o) (_fwalk_sglue)
C:/ST/STM32CubeIDE_1.15.1/STM32CubeIDE/plugins/com.st.stm32cube.ide.mcu.externaltools.gnu-tools-for-stm32.12.3.rel1.win32_1.0.100.202403111256/tools/bin/../lib/gcc/arm-none-eabi/12.3.1/../../../../arm-none-eabi/lib/thumb/v7-m/nofp\libc_nano.a(libc_a-stdio.o)
                              C:/ST/STM32CubeIDE_1.15.1/STM32CubeIDE/plugins/com.st.stm32cube.ide.mcu.externaltools.gnu-tools-for-stm32.12.3.rel1.win32_1.0.100.202403111256/tools/bin/../lib/gcc/arm-none-eabi/12.3.1/../../../../arm-none-eabi/lib/thumb/v7-m/nofp\libc_nano.a(libc_a-findfp.o) (__sread)
C:/ST/STM32CubeIDE_1.15.1/STM32CubeIDE/plugins/com.st.stm32cube.ide.mcu.externaltools.gnu-tools-for-stm32.12.3.rel1.win32_1.0.100.202403111256/tools/bin/../lib/gcc/arm-none-eabi/12.3.1/../../../../arm-none-eabi/lib/thumb/v7-m/nofp\libc_nano.a(libc_a-memset.o)
                              C:/ST/STM32CubeIDE_1.15.1/STM32CubeIDE/plugins/com.st.stm32cube.ide.mcu.externaltools.gnu-tools-for-stm32.12.3.rel1.win32_1.0.100.202403111256/tools/bin/../lib/gcc/arm-none-eabi/12.3.1/../../../../arm-none-eabi/lib/thumb/v7-m/nofp/crt0.o (memset)
C:/ST/STM32CubeIDE_1.15.1/STM32CubeIDE/plugins/com.st.stm32cube.ide.mcu.externaltools.gnu-tools-for-stm32.12.3.rel1.win32_1.0.100.202403111256/tools/bin/../lib/gcc/arm-none-eabi/12.3.1/../../../../arm-none-eabi/lib/thumb/v7-m/nofp\libc_nano.a(libc_a-closer.o)
                              C:/ST/STM32CubeIDE_1.15.1/STM32CubeIDE/plugins/com.st.stm32cube.ide.mcu.externaltools.gnu-tools-for-stm32.12.3.rel1.win32_1.0.100.202403111256/tools/bin/../lib/gcc/arm-none-eabi/12.3.1/../../../../arm-none-eabi/lib/thumb/v7-m/nofp\libc_nano.a(libc_a-stdio.o) (_close_r)
C:/ST/STM32CubeIDE_1.15.1/STM32CubeIDE/plugins/com.st.stm32cube.ide.mcu.externaltools.gnu-tools-for-stm32.12.3.rel1.win32_1.0.100.202403111256/tools/bin/../lib/gcc/arm-none-eabi/12.3.1/../../../../arm-none-eabi/lib/thumb/v7-m/nofp\libc_nano.a(libc_a-reent.o)
                              ./Middlewares/Third_Party/FreeRTOS/Source/tasks.o (_reclaim_reent)
C:/ST/STM32CubeIDE_1.15.1/STM32CubeIDE/plugins/com.st.stm32cube.ide.mcu.externaltools.gnu-tools-for-stm32.12.3.rel1.win32_1.0.100.202403111256/tools/bin/../lib/gcc/arm-none-eabi/12.3.1/../../../../arm-none-eabi/lib/thumb/v7-m/nofp\libc_nano.a(libc_a-impure.o)
                              ./Middlewares/Third_Party/FreeRTOS/Source/tasks.o (_impure_ptr)
C:/ST/STM32CubeIDE_1.15.1/STM32CubeIDE/plugins/com.st.stm32cube.ide.mcu.externaltools.gnu-tools-for-stm32.12.3.rel1.win32_1.0.100.202403111256/tools/bin/../lib/gcc/arm-none-eabi/12.3.1/../../../../arm-none-eabi/lib/thumb/v7-m/nofp\libc_nano.a(libc_a-lseekr.o)
                              C:/ST/STM32CubeIDE_1.15.1/STM32CubeIDE/plugins/com.st.stm32cube.ide.mcu.externaltools.gnu-tools-for-stm32.12.3.rel1.win32_1.0.100.202403111256/tools/bin/../lib/gcc/arm-none-eabi/12.3.1/../../../../arm-none-eabi/lib/thumb/v7-m/nofp\libc_nano.a(libc_a-stdio.o) (_lseek_r)
C:/ST/STM32CubeIDE_1.15.1/STM32CubeIDE/plugins/com.st.stm32cube.ide.mcu.externaltools.gnu-tools-for-stm32.12.3.rel1.win32_1.0.100.202403111256/tools/bin/../lib/gcc/arm-none-eabi/12.3.1/../../../../arm-none-eabi/lib/thumb/v7-m/nofp\libc_nano.a(libc_a-readr.o)
[...]
Memory Configuration

Name             Origin             Length             Attributes
RAM              0x20000000         0x00005000         xrw
FLASH            0x08000000         0x00010000         xr
*default*        0x00000000         0xffffffff

Linker script and memory map

LOAD C:/ST/STM32CubeIDE_1.15.1/STM32CubeIDE/plugins/com.st.stm32cube.ide.mcu.externaltools.gnu-tools-for-stm32.12.3.rel1.win32_1.0.100.202403111256/tools/bin/../lib/gcc/arm-none-eabi/12.3.1/thumb/v7-m/nofp/crti.o
LOAD C:/ST/STM32CubeIDE_1.15.1/STM32CubeIDE/plugins/com.st.stm32cube.ide.mcu.externaltools.gnu-tools-for-stm32.12.3.rel1.win32_1.0.100.202403111256/tools/bin/../lib/gcc/arm-none-eabi/12.3.1/thumb/v7-m/nofp/crtbegin.o
LOAD C:/ST/STM32CubeIDE_1.15.1/STM32CubeIDE/plugins/com.st.stm32cube.ide.mcu.externaltools.gnu-tools-for-stm32.12.3.rel1.win32_1.0.100.202403111256/tools/bin/../lib/gcc/arm-none-eabi/12.3.1/../../../../arm-none-eabi/lib/thumb/v7-m/nofp/crt0.o
LOAD ./Core/Src/freertos.o
LOAD ./Core/Src/main.o
LOAD ./Core/Src/stm32f1xx_hal_msp.o
LOAD ./Core/Src/stm32f1xx_hal_timebase_tim.o
LOAD ./Core/Src/stm32f1xx_it.o
LOAD ./Core/Src/syscalls.o
LOAD ./Core/Src/sysmem.o
LOAD ./Core/Src/system_stm32f1xx.o
LOAD ./Core/Startup/startup_stm32f103c8tx.o
LOAD ./Drivers/STM32F1xx_HAL_Driver/Src/stm32f1xx_hal.o
LOAD ./Drivers/STM32F1xx_HAL_Driver/Src/stm32f1xx_hal_cortex.o
LOAD ./Drivers/STM32F1xx_HAL_Driver/Src/stm32f1xx_hal_dma.o
LOAD ./Drivers/STM32F1xx_HAL_Driver/Src/stm32f1xx_hal_exti.o
LOAD ./Drivers/STM32F1xx_HAL_Driver/Src/stm32f1xx_hal_flash.o
LOAD ./Drivers/STM32F1xx_HAL_Driver/Src/stm32f1xx_hal_flash_ex.o
LOAD ./Drivers/STM32F1xx_HAL_Driver/Src/stm32f1xx_hal_gpio.o
LOAD ./Drivers/STM32F1xx_HAL_Driver/Src/stm32f1xx_hal_gpio_ex.o
LOAD ./Drivers/STM32F1xx_HAL_Driver/Src/stm32f1xx_hal_pwr.o
LOAD ./Drivers/STM32F1xx_HAL_Driver/Src/stm32f1xx_hal_rcc.o
LOAD ./Drivers/STM32F1xx_HAL_Driver/Src/stm32f1xx_hal_rcc_ex.o
LOAD ./Drivers/STM32F1xx_HAL_Driver/Src/stm32f1xx_hal_tim.o
LOAD ./Drivers/STM32F1xx_HAL_Driver/Src/stm32f1xx_hal_tim_ex.o
LOAD ./Middlewares/Third_Party/FreeRTOS/Source/CMSIS_RTOS/cmsis_os.o
LOAD ./Middlewares/Third_Party/FreeRTOS/Source/croutine.o
LOAD ./Middlewares/Third_Party/FreeRTOS/Source/event_groups.o
LOAD ./Middlewares/Third_Party/FreeRTOS/Source/list.o
LOAD ./Middlewares/Third_Party/FreeRTOS/Source/queue.o
LOAD ./Middlewares/Third_Party/FreeRTOS/Source/stream_buffer.o
LOAD ./Middlewares/Third_Party/FreeRTOS/Source/tasks.o
LOAD ./Middlewares/Third_Party/FreeRTOS/Source/timers.o
LOAD ./Middlewares/Third_Party/FreeRTOS/Source/portable/GCC/ARM_CM3/port.o
LOAD ./Middlewares/Third_Party/FreeRTOS/Source/portable/MemMang/heap_4.o
START GROUP
LOAD C:/ST/STM32CubeIDE_1.15.1/STM32CubeIDE/plugins/com.st.stm32cube.ide.mcu.externaltools.gnu-tools-for-stm32.12.3.rel1.win32_1.0.100.202403111256/tools/bin/../lib/gcc/arm-none-eabi/12.3.1/../../../../arm-none-eabi/lib/thumb/v7-m/nofp\libc_nano.a
LOAD C:/ST/STM32CubeIDE_1.15.1/STM32CubeIDE/plugins/com.st.stm32cube.ide.mcu.externaltools.gnu-tools-for-stm32.12.3.rel1.win32_1.0.100.202403111256/tools/bin/../lib/gcc/arm-none-eabi/12.3.1/../../../../arm-none-eabi/lib/thumb/v7-m/nofp\libm.a
END GROUP
START GROUP
LOAD C:/ST/STM32CubeIDE_1.15.1/STM32CubeIDE/plugins/com.st.stm32cube.ide.mcu.externaltools.gnu-tools-for-stm32.12.3.rel1.win32_1.0.100.202403111256/tools/bin/../lib/gcc/arm-none-eabi/12.3.1/thumb/v7-m/nofp\libgcc.a
LOAD C:/ST/STM32CubeIDE_1.15.1/STM32CubeIDE/plugins/com.st.stm32cube.ide.mcu.externaltools.gnu-tools-for-stm32.12.3.rel1.win32_1.0.100.202403111256/tools/bin/../lib/gcc/arm-none-eabi/12.3.1/../../../../arm-none-eabi/lib/thumb/v7-m/nofp\libc_nano.a
END GROUP
START GROUP
LOAD C:/ST/STM32CubeIDE_1.15.1/STM32CubeIDE/plugins/com.st.stm32cube.ide.mcu.externaltools.gnu-tools-for-stm32.12.3.rel1.win32_1.0.100.202403111256/tools/bin/../lib/gcc/arm-none-eabi/12.3.1/thumb/v7-m/nofp\libgcc.a
LOAD C:/ST/STM32CubeIDE_1.15.1/STM32CubeIDE/plugins/com.st.stm32cube.ide.mcu.externaltools.gnu-tools-for-stm32.12.3.rel1.win32_1.0.100.202403111256/tools/bin/../lib/gcc/arm-none-eabi/12.3.1/../../../../arm-none-eabi/lib/thumb/v7-m/nofp\libc_nano.a
LOAD C:/ST/STM32CubeIDE_1.15.1/STM32CubeIDE/plugins/com.st.stm32cube.ide.mcu.externaltools.gnu-tools-for-stm32.12.3.rel1.win32_1.0.100.202403111256/tools/bin/../lib/gcc/arm-none-eabi/12.3.1/../../../../arm-none-eabi/lib/thumb/v7-m/nofp\libnosys.a
END GROUP
START GROUP
LOAD C:/ST/STM32CubeIDE_1.15.1/STM32CubeIDE/plugins/com.st.stm32cube.ide.mcu.externaltools.gnu-tools-for-stm32.12.3.rel1.win32_1.0.100.202403111256/tools/bin/../lib/gcc/arm-none-eabi/12.3.1/thumb/v7-m/nofp\libgcc.a
LOAD C:/ST/STM32CubeIDE_1.15.1/STM32CubeIDE/plugins/com.st.stm32cube.ide.mcu.externaltools.gnu-tools-for-stm32.12.3.rel1.win32_1.0.100.202403111256/tools/bin/../lib/gcc/arm-none-eabi/12.3.1/../../../../arm-none-eabi/lib/thumb/v7-m/nofp\libc_nano.a
LOAD C:/ST/STM32CubeIDE_1.15.1/STM32CubeIDE/plugins/com.st.stm32cube.ide.mcu.externaltools.gnu-tools-for-stm32.12.3.rel1.win32_1.0.100.202403111256/tools/bin/../lib/gcc/arm-none-eabi/12.3.1/../../../../arm-none-eabi/lib/thumb/v7-m/nofp\libnosys.a
END GROUP
LOAD C:/ST/STM32CubeIDE_1.15.1/STM32CubeIDE/plugins/com.st.stm32cube.ide.mcu.externaltools.gnu-tools-for-stm32.12.3.rel1.win32_1.0.100.202403111256/tools/bin/../lib/gcc/arm-none-eabi/12.3.1/thumb/v7-m/nofp/crtend.o
LOAD C:/ST/STM32CubeIDE_1.15.1/STM32CubeIDE/plugins/com.st.stm32cube.ide.mcu.externaltools.gnu-tools-for-stm32.12.3.rel1.win32_1.0.100.202403111256/tools/bin/../lib/gcc/arm-none-eabi/12.3.1/thumb/v7-m/nofp/crtn.o
                0x20005000                        _estack = (ORIGIN (RAM) + LENGTH (RAM))
                0x00000200                        _Min_Heap_Size = 0x200
                0x00000400                        _Min_Stack_Size = 0x400

.isr_vector     0x08000000      0x10c
                0x08000000                        . = ALIGN (0x4)
 *(.isr_vector)
 .isr_vector    0x08000000      0x10c ./Core/Startup/startup_stm32f103c8tx.o
                0x08000000                g_pfnVectors
                0x0800010c                        . = ALIGN (0x4)

.text           0x08000110     0x2d24
                0x08000110                        . = ALIGN (0x4)
 *(.text)
 .text          0x08000110       0x40 C:/ST/STM32CubeIDE_1.15.1/STM32CubeIDE/plugins/com.st.stm32cube.ide.mcu.externaltools.gnu-tools-for-stm32.12.3.rel1.win32_1.0.100.202403111256/tools/bin/../lib/gcc/arm-none-eabi/12.3.1/thumb/v7-m/nofp/crtbegin.o
 *(.text*)
 .text.vApplicationGetIdleTaskMemory
                0x08000150       0x30 ./Core/Src/freertos.o
                0x08000150                vApplicationGetIdleTaskMemory
 .text.main     0x08000180       0xa0 ./Core/Src/main.o
                0x08000180                main
 .text.SystemClock_Config
                0x08000220       0x8a ./Core/Src/main.o
                0x08000220                SystemClock_Config
 *fill*         0x080002aa        0x2 
 .text.MX_GPIO_Init
                0x080002ac       0x7c ./Core/Src/main.o
 .text.StartredLed
                0x08000328       0x20 ./Core/Src/main.o
                0x08000328                StartredLed
 .text.StartgreenLed
                0x08000348       0x20 ./Core/Src/main.o
                0x08000348                StartgreenLed
 .text.StartblueLed
                0x08000368       0x20 ./Core/Src/main.o
                0x08000368                StartblueLed
 .text.HAL_TIM_PeriodElapsedCallback
                0x08000388       0x24 ./Core/Src/main.o
                0x08000388                HAL_TIM_PeriodElapsedCallback
 .text.Error_Handler
                0x080003ac        0xc ./Core/Src/main.o
                0x080003ac                Error_Handler
 .text.HAL_MspInit
                0x080003b8       0x70 ./Core/Src/stm32f1xx_hal_msp.o
                0x080003b8                HAL_MspInit
 .text.HAL_InitTick
                0x08000428       0xfc ./Core/Src/stm32f1xx_hal_timebase_tim.o
                0x08000428                HAL_InitTick
 .text.NMI_Handler
                0x08000524        0x8 ./Core/Src/stm32f1xx_it.o
                0x08000524                NMI_Handler
 .text.HardFault_Handler
                0x0800052c        0x8 ./Core/Src/stm32f1xx_it.o
                0x0800052c                HardFault_Handler
 .text.MemManage_Handler
                0x08000534        0x8 ./Core/Src/stm32f1xx_it.o
                0x08000534                MemManage_Handler
 .text.BusFault_Handler
                0x0800053c        0x8 ./Core/Src/stm32f1xx_it.o
                0x0800053c                BusFault_Handler
 .text.UsageFault_Handler
                0x08000544        0x8 ./Core/Src/stm32f1xx_it.o
                0x08000544                UsageFault_Handler
 .text.DebugMon_Handler
                0x0800054c        0xc ./Core/Src/stm32f1xx_it.o
                0x0800054c                DebugMon_Handler
 .text.TIM3_IRQHandler
                0x08000558       0x14 ./Core/Src/stm32f1xx_it.o
                0x08000558                TIM3_IRQHandler
 .text.SystemInit
                0x0800056c        0xc ./Core/Src/system_stm32f1xx.o
                0x0800056c                SystemInit
 .text.Reset_Handler
                0x08000578       0x48 ./Core/Startup/startup_stm32f103c8tx.o
                0x08000578                Reset_Handler
 .text.Default_Handler
                0x080005c0        0x2 ./Core/Startup/startup_stm32f103c8tx.o
                0x080005c0                RTC_Alarm_IRQHandler
                0x080005c0                EXTI2_IRQHandler
                0x080005c0                TIM1_CC_IRQHandler
                0x080005c0                PVD_IRQHandler
                0x080005c0                EXTI3_IRQHandler
                0x080005c0                EXTI0_IRQHandler
                0x080005c0                I2C2_EV_IRQHandler
                0x080005c0                ADC1_2_IRQHandler
                0x080005c0                SPI1_IRQHandler
                0x080005c0                TAMPER_IRQHandler
                0x080005c0                DMA1_Channel4_IRQHandler
                0x080005c0                USART3_IRQHandler
                0x080005c0                RTC_IRQHandler
                0x080005c0                DMA1_Channel7_IRQHandler
                0x080005c0                CAN1_RX1_IRQHandler
                0x080005c0                TIM4_IRQHandler
                0x080005c0                I2C1_EV_IRQHandler
                0x080005c0                DMA1_Channel6_IRQHandler
                0x080005c0                RCC_IRQHandler
                0x080005c0                TIM1_TRG_COM_IRQHandler
                0x080005c0                DMA1_Channel1_IRQHandler
                0x080005c0                Default_Handler
                0x080005c0                EXTI15_10_IRQHandler
                0x080005c0                EXTI9_5_IRQHandler
                0x080005c0                SPI2_IRQHandler
                0x080005c0                DMA1_Channel5_IRQHandler
                0x080005c0                EXTI4_IRQHandler
                0x080005c0                USB_LP_CAN1_RX0_IRQHandler
                0x080005c0                USB_HP_CAN1_TX_IRQHandler
                0x080005c0                DMA1_Channel3_IRQHandler
                0x080005c0                TIM1_UP_IRQHandler
                0x080005c0                WWDG_IRQHandler
                0x080005c0                TIM2_IRQHandler
                0x080005c0                TIM1_BRK_IRQHandler
                0x080005c0                EXTI1_IRQHandler
                0x080005c0                USART2_IRQHandler
                0x080005c0                I2C2_ER_IRQHandler
                0x080005c0                DMA1_Channel2_IRQHandler
                0x080005c0                CAN1_SCE_IRQHandler
                0x080005c0                FLASH_IRQHandler
                0x080005c0                USART1_IRQHandler
                0x080005c0                I2C1_ER_IRQHandler
                0x080005c0                USBWakeUp_IRQHandler
 *fill*         0x080005c2        0x2 
 .text.HAL_Init
                0x080005c4       0x2c ./Drivers/STM32F1xx_HAL_Driver/Src/stm32f1xx_hal.o
                0x080005c4                HAL_Init
 .text.HAL_IncTick
                0x080005f0       0x24 ./Drivers/STM32F1xx_HAL_Driver/Src/stm32f1xx_hal.o
                0x080005f0                HAL_IncTick
 .text.HAL_GetTick
                0x08000614       0x14 ./Drivers/STM32F1xx_HAL_Driver/Src/stm32f1xx_hal.o
                0x08000614                HAL_GetTick
 .text.__NVIC_SetPriorityGrouping
                0x08000628       0x48 ./Drivers/STM32F1xx_HAL_Driver/Src/stm32f1xx_hal_cortex.o
 .text.__NVIC_GetPriorityGrouping
                0x08000670       0x1c ./Drivers/STM32F1xx_HAL_Driver/Src/stm32f1xx_hal_cortex.o
 .text.__NVIC_EnableIRQ
                0x0800068c       0x38 ./Drivers/STM32F1xx_HAL_Driver/Src/stm32f1xx_hal_cortex.o
 .text.__NVIC_SetPriority
                0x080006c4       0x54 ./Drivers/STM32F1xx_HAL_Driver/Src/stm32f1xx_hal_cortex.o
 .text.NVIC_EncodePriority
                0x08000718       0x64 ./Drivers/STM32F1xx_HAL_Driver/Src/stm32f1xx_hal_cortex.o
 .text.HAL_NVIC_SetPriorityGrouping
                0x0800077c       0x16 ./Drivers/STM32F1xx_HAL_Driver/Src/stm32f1xx_hal_cortex.o
                0x0800077c                HAL_NVIC_SetPriorityGrouping
 .text.HAL_NVIC_SetPriority
                0x08000792       0x38 ./Drivers/STM32F1xx_HAL_Driver/Src/stm32f1xx_hal_cortex.o
                0x08000792                HAL_NVIC_SetPriority
 .text.HAL_NVIC_EnableIRQ
                0x080007ca       0x1c ./Drivers/STM32F1xx_HAL_Driver/Src/stm32f1xx_hal_cortex.o
                0x080007ca                HAL_NVIC_EnableIRQ
 *fill*         0x080007e6        0x2 
 .text.HAL_GPIO_Init
                0x080007e8      0x308 ./Drivers/STM32F1xx_HAL_Driver/Src/stm32f1xx_hal_gpio.o
                0x080007e8                HAL_GPIO_Init
 .text.HAL_GPIO_WritePin
                0x08000af0       0x30 ./Drivers/STM32F1xx_HAL_Driver/Src/stm32f1xx_hal_gpio.o
                0x08000af0                HAL_GPIO_WritePin
 .text.HAL_GPIO_TogglePin
                0x08000b20       0x32 ./Drivers/STM32F1xx_HAL_Driver/Src/stm32f1xx_hal_gpio.o
                0x08000b20                HAL_GPIO_TogglePin
 *fill*         0x08000b52        0x2 
 .text.HAL_RCC_OscConfig
                0x08000b54      0x504 ./Drivers/STM32F1xx_HAL_Driver/Src/stm32f1xx_hal_rcc.o
                0x08000b54                HAL_RCC_OscConfig
 .text.HAL_RCC_ClockConfig
                0x08001058      0x1d4 ./Drivers/STM32F1xx_HAL_Driver/Src/stm32f1xx_hal_rcc.o
                0x08001058                HAL_RCC_ClockConfig
 .text.HAL_RCC_GetSysClockFreq
                0x0800122c       0xa8 ./Drivers/STM32F1xx_HAL_Driver/Src/stm32f1xx_hal_rcc.o
                0x0800122c                HAL_RCC_GetSysClockFreq
 .text.HAL_RCC_GetHCLKFreq
                0x080012d4       0x14 ./Drivers/STM32F1xx_HAL_Driver/Src/stm32f1xx_hal_rcc.o
                0x080012d4                HAL_RCC_GetHCLKFreq
 .text.HAL_RCC_GetPCLK1Freq
                0x080012e8       0x28 ./Drivers/STM32F1xx_HAL_Driver/Src/stm32f1xx_hal_rcc.o
                0x080012e8                HAL_RCC_GetPCLK1Freq
 .text.HAL_RCC_GetClockConfig
                0x08001310       0x60 ./Drivers/STM32F1xx_HAL_Driver/Src/stm32f1xx_hal_rcc.o
                0x08001310                HAL_RCC_GetClockConfig
 .text.RCC_Delay
                0x08001370       0x3c ./Drivers/STM32F1xx_HAL_Driver/Src/stm32f1xx_hal_rcc.o
 .text.HAL_TIM_Base_Init
                0x080013ac       0x9e ./Drivers/STM32F1xx_HAL_Driver/Src/stm32f1xx_hal_tim.o
                0x080013ac                HAL_TIM_Base_Init
 .text.HAL_TIM_Base_MspInit
                0x0800144a       0x12 ./Drivers/STM32F1xx_HAL_Driver/Src/stm32f1xx_hal_tim.o
                0x0800144a                HAL_TIM_Base_MspInit
 .text.HAL_TIM_Base_Start_IT
                0x0800145c       0xa4 ./Drivers/STM32F1xx_HAL_Driver/Src/stm32f1xx_hal_tim.o
                0x0800145c                HAL_TIM_Base_Start_IT
 .text.HAL_TIM_IRQHandler
                0x08001500      0x210 ./Drivers/STM32F1xx_HAL_Driver/Src/stm32f1xx_hal_tim.o
                0x08001500                HAL_TIM_IRQHandler
 .text.HAL_TIM_OC_DelayElapsedCallback
                0x08001710       0x12 ./Drivers/STM32F1xx_HAL_Driver/Src/stm32f1xx_hal_tim.o
                0x08001710                HAL_TIM_OC_DelayElapsedCallback
 .text.HAL_TIM_IC_CaptureCallback
                0x08001722       0x12 ./Drivers/STM32F1xx_HAL_Driver/Src/stm32f1xx_hal_tim.o
                0x08001722                HAL_TIM_IC_CaptureCallback
 .text.HAL_TIM_PWM_PulseFinishedCallback
                0x08001734       0x12 ./Drivers/STM32F1xx_HAL_Driver/Src/stm32f1xx_hal_tim.o
                0x08001734                HAL_TIM_PWM_PulseFinishedCallback
 .text.HAL_TIM_TriggerCallback
                0x08001746       0x12 ./Drivers/STM32F1xx_HAL_Driver/Src/stm32f1xx_hal_tim.o
                0x08001746                HAL_TIM_TriggerCallback
 .text.TIM_Base_SetConfig
                0x08001758       0xc4 ./Drivers/STM32F1xx_HAL_Driver/Src/stm32f1xx_hal_tim.o
                0x08001758                TIM_Base_SetConfig
 .text.HAL_TIMEx_CommutCallback
                0x0800181c       0x12 ./Drivers/STM32F1xx_HAL_Driver/Src/stm32f1xx_hal_tim_ex.o
                0x0800181c                HAL_TIMEx_CommutCallback
 .text.HAL_TIMEx_BreakCallback
                0x0800182e       0x12 ./Drivers/STM32F1xx_HAL_Driver/Src/stm32f1xx_hal_tim_ex.o
                0x0800182e                HAL_TIMEx_BreakCallback
 .text.makeFreeRtosPriority
                0x08001840       0x2e ./Middlewares/Third_Party/FreeRTOS/Source/CMSIS_RTOS/cmsis_os.o
 .text.osKernelStart
                0x0800186e        0xe ./Middlewares/Third_Party/FreeRTOS/Source/CMSIS_RTOS/cmsis_os.o
                0x0800186e                osKernelStart
 .text.osThreadCreate
                0x0800187c       0x98 ./Middlewares/Third_Party/FreeRTOS/Source/CMSIS_RTOS/cmsis_os.o
                0x0800187c                osThreadCreate
 .text.osDelay  0x08001914       0x28 ./Middlewares/Third_Party/FreeRTOS/Source/CMSIS_RTOS/cmsis_os.o
                0x08001914                osDelay
 .text.vListInitialise
                0x0800193c       0x3e ./Middlewares/Third_Party/FreeRTOS/Source/list.o
                0x0800193c                vListInitialise
 .text.vListInitialiseItem
                0x0800197a       0x18 ./Middlewares/Third_Party/FreeRTOS/Source/list.o
                0x0800197a                vListInitialiseItem
 .text.vListInsertEnd
                0x08001992       0x46 ./Middlewares/Third_Party/FreeRTOS/Source/list.o
                0x08001992                vListInsertEnd
 .text.vListInsert
                0x080019d8       0x70 ./Middlewares/Third_Party/FreeRTOS/Source/list.o
                0x080019d8                vListInsert
 .text.uxListRemove
                0x08001a48       0x52 ./Middlewares/Third_Party/FreeRTOS/Source/list.o
                0x08001a48                uxListRemove
 .text.xTaskCreateStatic
                0x08001a9a       0xbe ./Middlewares/Third_Party/FreeRTOS/Source/tasks.o
                0x08001a9a                xTaskCreateStatic
 .text.xTaskCreate
                0x08001b58       0x8a ./Middlewares/Third_Party/FreeRTOS/Source/tasks.o
                0x08001b58                xTaskCreate
 *fill*         0x08001be2        0x2 
 .text.prvInitialiseNewTask
                0x08001be4      0x130 ./Middlewares/Third_Party/FreeRTOS/Source/tasks.o
 .text.prvAddNewTaskToReadyList
                0x08001d14       0xd4 ./Middlewares/Third_Party/FreeRTOS/Source/tasks.o
 .text.vTaskDelay
                0x08001de8       0x6c ./Middlewares/Third_Party/FreeRTOS/Source/tasks.o
                0x08001de8                vTaskDelay
 .text.vTaskStartScheduler
                0x08001e54       0xd4 ./Middlewares/Third_Party/FreeRTOS/Source/tasks.o
                0x08001e54                vTaskStartScheduler
 .text.vTaskSuspendAll
                0x08001f28       0x1c ./Middlewares/Third_Party/FreeRTOS/Source/tasks.o
                0x08001f28                vTaskSuspendAll
 .text.xTaskResumeAll
                0x08001f44      0x13c ./Middlewares/Third_Party/FreeRTOS/Source/tasks.o
                0x08001f44                xTaskResumeAll
 .text.xTaskIncrementTick
                0x08002080      0x17c ./Middlewares/Third_Party/FreeRTOS/Source/tasks.o
                0x08002080                xTaskIncrementTick
 .text.vTaskSwitchContext
                0x080021fc       0xc4 ./Middlewares/Third_Party/FreeRTOS/Source/tasks.o
                0x080021fc                vTaskSwitchContext
 .text.prvIdleTask
                0x080022c0       0x30 ./Middlewares/Third_Party/FreeRTOS/Source/tasks.o
 .text.prvInitialiseTaskLists
                0x080022f0       0x80 ./Middlewares/Third_Party/FreeRTOS/Source/tasks.o
 .text.prvCheckTasksWaitingTermination
                0x08002370       0x5c ./Middlewares/Third_Party/FreeRTOS/Source/tasks.o
 .text.prvDeleteTCB
                0x080023cc       0x6a ./Middlewares/Third_Party/FreeRTOS/Source/tasks.o
 *fill*         0x08002436        0x2 
 .text.prvResetNextTaskUnblockTime
                0x08002438       0x48 ./Middlewares/Third_Party/FreeRTOS/Source/tasks.o
 .text.prvAddCurrentTaskToDelayedList
                0x08002480       0xcc ./Middlewares/Third_Party/FreeRTOS/Source/tasks.o
 .text.pxPortInitialiseStack
                0x0800254c       0x58 ./Middlewares/Third_Party/FreeRTOS/Source/portable/GCC/ARM_CM3/port.o
                0x0800254c                pxPortInitialiseStack
 .text.prvTaskExitError
                0x080025a4       0x58 ./Middlewares/Third_Party/FreeRTOS/Source/portable/GCC/ARM_CM3/port.o
 *fill*         0x080025fc        0x4 
 .text.SVC_Handler
                0x08002600       0x28 ./Middlewares/Third_Party/FreeRTOS/Source/portable/GCC/ARM_CM3/port.o
                0x08002600                SVC_Handler
 .text.prvPortStartFirstTask
                0x08002628       0x20 ./Middlewares/Third_Party/FreeRTOS/Source/portable/GCC/ARM_CM3/port.o
 .text.xPortStartScheduler
                0x08002648       0xe4 ./Middlewares/Third_Party/FreeRTOS/Source/portable/GCC/ARM_CM3/port.o
                0x08002648                xPortStartScheduler
 .text.vPortEnterCritical
                0x0800272c       0x60 ./Middlewares/Third_Party/FreeRTOS/Source/portable/GCC/ARM_CM3/port.o
                0x0800272c                vPortEnterCritical
 .text.vPortExitCritical
                0x0800278c       0x54 ./Middlewares/Third_Party/FreeRTOS/Source/portable/GCC/ARM_CM3/port.o
                0x0800278c                vPortExitCritical
 .text.PendSV_Handler
                0x080027e0       0x48 ./Middlewares/Third_Party/FreeRTOS/Source/portable/GCC/ARM_CM3/port.o
                0x080027e0                PendSV_Handler
 .text.SysTick_Handler
                0x08002828       0x44 ./Middlewares/Third_Party/FreeRTOS/Source/portable/GCC/ARM_CM3/port.o
                0x08002828                SysTick_Handler
 .text.vPortSetupTimerInterrupt
                0x0800286c       0x44 ./Middlewares/Third_Party/FreeRTOS/Source/portable/GCC/ARM_CM3/port.o
                0x0800286c                vPortSetupTimerInterrupt
 .text.pvPortMalloc
                0x080028b0      0x190 ./Middlewares/Third_Party/FreeRTOS/Source/portable/MemMang/heap_4.o
                0x080028b0                pvPortMalloc
 .text.vPortFree
                0x08002a40       0xb8 ./Middlewares/Third_Party/FreeRTOS/Source/portable/MemMang/heap_4.o
                0x08002a40                vPortFree
 .text.prvHeapInit
                0x08002af8       0xc4 ./Middlewares/Third_Party/FreeRTOS/Source/portable/MemMang/heap_4.o
 .text.prvInsertBlockIntoFreeList
                0x08002bbc       0xb0 ./Middlewares/Third_Party/FreeRTOS/Source/portable/MemMang/heap_4.o
 .text.memset   0x08002c6c       0x10 C:/ST/STM32CubeIDE_1.15.1/STM32CubeIDE/plugins/com.st.stm32cube.ide.mcu.externaltools.gnu-tools-for-stm32.12.3.rel1.win32_1.0.100.202403111256/tools/bin/../lib/gcc/arm-none-eabi/12.3.1/../../../../arm-none-eabi/lib/thumb/v7-m/nofp\libc_nano.a(libc_a-memset.o)
                0x08002c6c                memset
 .text._reclaim_reent
                0x08002c7c       0xac C:/ST/STM32CubeIDE_1.15.1/STM32CubeIDE/plugins/com.st.stm32cube.ide.mcu.externaltools.gnu-tools-for-stm32.12.3.rel1.win32_1.0.100.202403111256/tools/bin/../lib/gcc/arm-none-eabi/12.3.1/../../../../arm-none-eabi/lib/thumb/v7-m/nofp\libc_nano.a(libc_a-reent.o)
                0x08002c7c                _reclaim_reent
 .text.__libc_init_array
                0x08002d28       0x48 C:/ST/STM32CubeIDE_1.15.1/STM32CubeIDE/plugins/com.st.stm32cube.ide.mcu.externaltools.gnu-tools-for-stm32.12.3.rel1.win32_1.0.100.202403111256/tools/bin/../lib/gcc/arm-none-eabi/12.3.1/../../../../arm-none-eabi/lib/thumb/v7-m/nofp\libc_nano.a(libc_a-init.o)
                0x08002d28                __libc_init_array
 .text.__retarget_lock_acquire_recursive
                0x08002d70        0x2 C:/ST/STM32CubeIDE_1.15.1/STM32CubeIDE/plugins/com.st.stm32cube.ide.mcu.externaltools.gnu-tools-for-stm32.12.3.rel1.win32_1.0.100.202403111256/tools/bin/../lib/gcc/arm-none-eabi/12.3.1/../../../../arm-none-eabi/lib/thumb/v7-m/nofp\libc_nano.a(libc_a-lock.o)
                0x08002d70                __retarget_lock_acquire_recursive
 .text.__retarget_lock_release_recursive
                0x08002d72        0x2 C:/ST/STM32CubeIDE_1.15.1/STM32CubeIDE/plugins/com.st.stm32cube.ide.mcu.externaltools.gnu-tools-for-stm32.12.3.rel1.win32_1.0.100.202403111256/tools/bin/../lib/gcc/arm-none-eabi/12.3.1/../../../../arm-none-eabi/lib/thumb/v7-m/nofp\libc_nano.a(libc_a-lock.o)
                0x08002d72                __retarget_lock_release_recursive
 .text._free_r  0x08002d74       0x90 C:/ST/STM32CubeIDE_1.15.1/STM32CubeIDE/plugins/com.st.stm32cube.ide.mcu.externaltools.gnu-tools-for-stm32.12.3.rel1.win32_1.0.100.202403111256/tools/bin/../lib/gcc/arm-none-eabi/12.3.1/../../../../arm-none-eabi/lib/thumb/v7-m/nofp\libc_nano.a(libc_a-freer.o)
                0x08002d74                _free_r
 .text.__malloc_lock
                0x08002e04        0xc C:/ST/STM32CubeIDE_1.15.1/STM32CubeIDE/plugins/com.st.stm32cube.ide.mcu.externaltools.gnu-tools-for-stm32.12.3.rel1.win32_1.0.100.202403111256/tools/bin/../lib/gcc/arm-none-eabi/12.3.1/../../../../arm-none-eabi/lib/thumb/v7-m/nofp\libc_nano.a(libc_a-mlock.o)
                0x08002e04                __malloc_lock
 .text.__malloc_unlock
                0x08002e10        0xc C:/ST/STM32CubeIDE_1.15.1/STM32CubeIDE/plugins/com.st.stm32cube.ide.mcu.externaltools.gnu-tools-for-stm32.12.3.rel1.win32_1.0.100.202403111256/tools/bin/../lib/gcc/arm-none-eabi/12.3.1/../../../../arm-none-eabi/lib/thumb/v7-m/nofp\libc_nano.a(libc_a-mlock.o)
                0x08002e10                __malloc_unlock
 *(.glue_7)
 .glue_7        0x08002e1c        0x0 linker stubs
 *(.glue_7t)
 .glue_7t       0x08002e1c        0x0 linker stubs
 *(.eh_frame)
 .eh_frame      0x08002e1c        0x0 C:/ST/STM32CubeIDE_1.15.1/STM32CubeIDE/plugins/com.st.stm32cube.ide.mcu.externaltools.gnu-tools-for-stm32.12.3.rel1.win32_1.0.100.202403111256/tools/bin/../lib/gcc/arm-none-eabi/12.3.1/thumb/v7-m/nofp/crtbegin.o
 *(.init)
 .init          0x08002e1c        0x4 C:/ST/STM32CubeIDE_1.15.1/STM32CubeIDE/plugins/com.st.stm32cube.ide.mcu.externaltools.gnu-tools-for-stm32.12.3.rel1.win32_1.0.100.202403111256/tools/bin/../lib/gcc/arm-none-eabi/12.3.1/thumb/v7-m/nofp/crti.o
                0x08002e1c                _init
 .init          0x08002e20        0x8 C:/ST/STM32CubeIDE_1.15.1/STM32CubeIDE/plugins/com.st.stm32cube.ide.mcu.externaltools.gnu-tools-for-stm32.12.3.rel1.win32_1.0.100.202403111256/tools/bin/../lib/gcc/arm-none-eabi/12.3.1/thumb/v7-m/nofp/crtn.o
 *(.fini)
 .fini          0x08002e28        0x4 C:/ST/STM32CubeIDE_1.15.1/STM32CubeIDE/plugins/com.st.stm32cube.ide.mcu.externaltools.gnu-tools-for-stm32.12.3.rel1.win32_1.0.100.202403111256/tools/bin/../lib/gcc/arm-none-eabi/12.3.1/thumb/v7-m/nofp/crti.o
                0x08002e28                _fini
 .fini          0x08002e2c        0x8 C:/ST/STM32CubeIDE_1.15.1/STM32CubeIDE/plugins/com.st.stm32cube.ide.mcu.externaltools.gnu-tools-for-stm32.12.3.rel1.win32_1.0.100.202403111256/tools/bin/../lib/gcc/arm-none-eabi/12.3.1/thumb/v7-m/nofp/crtn.o
                0x08002e34                        . = ALIGN (0x4)
                0x08002e34                        _etext = .

.vfp11_veneer   0x08002e34        0x0
 .vfp11_veneer  0x08002e34        0x0 linker stubs

.v4_bx          0x08002e34        0x0
 .v4_bx         0x08002e34        0x0 linker stubs

.iplt           0x08002e34        0x0
 .iplt          0x08002e34        0x0 C:/ST/STM32CubeIDE_1.15.1/STM32CubeIDE/plugins/com.st.stm32cube.ide.mcu.externaltools.gnu-tools-for-stm32.12.3.rel1.win32_1.0.100.202403111256/tools/bin/../lib/gcc/arm-none-eabi/12.3.1/thumb/v7-m/nofp/crtbegin.o

.rodata         0x08002e34       0xa4
                0x08002e34                        . = ALIGN (0x4)
 *(.rodata)
 .rodata        0x08002e34       0x70 ./Core/Src/main.o
 .rodata        0x08002ea4        0x5 ./Middlewares/Third_Party/FreeRTOS/Source/tasks.o
 *(.rodata*)
 *fill*         0x08002ea9        0x3 
 .rodata.AHBPrescTable
                0x08002eac       0x10 ./Core/Src/system_stm32f1xx.o
                0x08002eac                AHBPrescTable
 .rodata.APBPrescTable
                0x08002ebc        0x8 ./Core/Src/system_stm32f1xx.o
                0x08002ebc                APBPrescTable
 .rodata.aPLLMULFactorTable.1
                0x08002ec4       0x10 ./Drivers/STM32F1xx_HAL_Driver/Src/stm32f1xx_hal_rcc.o
 .rodata.aPredivFactorTable.0
                0x08002ed4        0x2 ./Drivers/STM32F1xx_HAL_Driver/Src/stm32f1xx_hal_rcc.o
                0x08002ed8                        . = ALIGN (0x4)
 *fill*         0x08002ed6        0x2 

.ARM.extab      0x08002ed8        0x0
                0x08002ed8                        . = ALIGN (0x4)
 *(.ARM.extab* .gnu.linkonce.armextab.*)
                0x08002ed8                        . = ALIGN (0x4)

.ARM            0x08002ed8        0x0
                0x08002ed8                        . = ALIGN (0x4)
                0x08002ed8                        __exidx_start = .
 *(.ARM.exidx*)
                0x08002ed8                        __exidx_end = .
                0x08002ed8                        . = ALIGN (0x4)

.preinit_array  0x08002ed8        0x0
                0x08002ed8                        . = ALIGN (0x4)
                0x08002ed8                        PROVIDE (__preinit_array_start = .)
 *(.preinit_array*)
                0x08002ed8                        PROVIDE (__preinit_array_end = .)
                0x08002ed8                        . = ALIGN (0x4)

.init_array     0x08002ed8        0x4
                0x08002ed8                        . = ALIGN (0x4)
                0x08002ed8                        PROVIDE (__init_array_start = .)
 *(SORT_BY_NAME(.init_array.*))
 *(.init_array*)
 .init_array    0x08002ed8        0x4 C:/ST/STM32CubeIDE_1.15.1/STM32CubeIDE/plugins/com.st.stm32cube.ide.mcu.externaltools.gnu-tools-for-stm32.12.3.rel1.win32_1.0.100.202403111256/tools/bin/../lib/gcc/arm-none-eabi/12.3.1/thumb/v7-m/nofp/crtbegin.o
                0x08002edc                        PROVIDE (__init_array_end = .)
                0x08002edc                        . = ALIGN (0x4)

.fini_array     0x08002edc        0x4
                0x08002edc                        . = ALIGN (0x4)
                [!provide]                        PROVIDE (__fini_array_start = .)
 *(SORT_BY_NAME(.fini_array.*))
 *(.fini_array*)
 .fini_array    0x08002edc        0x4 C:/ST/STM32CubeIDE_1.15.1/STM32CubeIDE/plugins/com.st.stm32cube.ide.mcu.externaltools.gnu-tools-for-stm32.12.3.rel1.win32_1.0.100.202403111256/tools/bin/../lib/gcc/arm-none-eabi/12.3.1/thumb/v7-m/nofp/crtbegin.o
                [!provide]                        PROVIDE (__fini_array_end = .)
                0x08002ee0                        . = ALIGN (0x4)
                0x08002ee0                        _sidata = LOADADDR (.data)

.rel.dyn        0x08002ee0        0x0
 .rel.iplt      0x08002ee0        0x0 C:/ST/STM32CubeIDE_1.15.1/STM32CubeIDE/plugins/com.st.stm32cube.ide.mcu.externaltools.gnu-tools-for-stm32.12.3.rel1.win32_1.0.100.202403111256/tools/bin/../lib/gcc/arm-none-eabi/12.3.1/thumb/v7-m/nofp/crtbegin.o

.data           0x20000000       0x60 load address 0x08002ee0
                0x20000000                        . = ALIGN (0x4)
                0x20000000                        _sdata = .
 *(.data)
 *(.data*)
 .data.SystemCoreClock
                0x20000000        0x4 ./Core/Src/system_stm32f1xx.o
                0x20000000                SystemCoreClock
 .data.uwTickPrio
                0x20000004        0x4 ./Drivers/STM32F1xx_HAL_Driver/Src/stm32f1xx_hal.o
                0x20000004                uwTickPrio
 .data.uwTickFreq
                0x20000008        0x1 ./Drivers/STM32F1xx_HAL_Driver/Src/stm32f1xx_hal.o
                0x20000008                uwTickFreq
 *fill*         0x20000009        0x3 
 .data.uxCriticalNesting
                0x2000000c        0x4 ./Middlewares/Third_Party/FreeRTOS/Source/portable/GCC/ARM_CM3/port.o
 .data._impure_ptr
                0x20000010        0x4 C:/ST/STM32CubeIDE_1.15.1/STM32CubeIDE/plugins/com.st.stm32cube.ide.mcu.externaltools.gnu-tools-for-stm32.12.3.rel1.win32_1.0.100.202403111256/tools/bin/../lib/gcc/arm-none-eabi/12.3.1/../../../../arm-none-eabi/lib/thumb/v7-m/nofp\libc_nano.a(libc_a-impure.o)
                0x20000010                _impure_ptr
 .data._impure_data
                0x20000014       0x4c C:/ST/STM32CubeIDE_1.15.1/STM32CubeIDE/plugins/com.st.stm32cube.ide.mcu.externaltools.gnu-tools-for-stm32.12.3.rel1.win32_1.0.100.202403111256/tools/bin/../lib/gcc/arm-none-eabi/12.3.1/../../../../arm-none-eabi/lib/thumb/v7-m/nofp\libc_nano.a(libc_a-impure.o)
                0x20000014                _impure_data
 *(.RamFunc)
 *(.RamFunc*)
                0x20000060                        . = ALIGN (0x4)
                0x20000060                        _edata = .

.igot.plt       0x20000060        0x0 load address 0x08002f40
 .igot.plt      0x20000060        0x0 C:/ST/STM32CubeIDE_1.15.1/STM32CubeIDE/plugins/com.st.stm32cube.ide.mcu.externaltools.gnu-tools-for-stm32.12.3.rel1.win32_1.0.100.202403111256/tools/bin/../lib/gcc/arm-none-eabi/12.3.1/thumb/v7-m/nofp/crtbegin.o
                0x20000060                        . = ALIGN (0x4)

.bss            0x20000060     0x11a0 load address 0x08002f40
                0x20000060                        _sbss = .
                0x20000060                        __bss_start__ = _sbss
 *(.bss)
 .bss           0x20000060       0x1c C:/ST/STM32CubeIDE_1.15.1/STM32CubeIDE/plugins/com.st.stm32cube.ide.mcu.externaltools.gnu-tools-for-stm32.12.3.rel1.win32_1.0.100.202403111256/tools/bin/../lib/gcc/arm-none-eabi/12.3.1/thumb/v7-m/nofp/crtbegin.o
 *(.bss*)
 .bss.xIdleTaskTCBBuffer
                0x2000007c       0xa0 ./Core/Src/freertos.o
 .bss.xIdleStack
                0x2000011c      0x200 ./Core/Src/freertos.o
 .bss.redLedHandle
                0x2000031c        0x4 ./Core/Src/main.o
                0x2000031c                redLedHandle
 .bss.greenLedHandle
                0x20000320        0x4 ./Core/Src/main.o
                0x20000320                greenLedHandle
 .bss.blueLedHandle
                0x20000324        0x4 ./Core/Src/main.o
                0x20000324                blueLedHandle
 .bss.htim3     0x20000328       0x48 ./Core/Src/stm32f1xx_hal_timebase_tim.o
                0x20000328                htim3
 .bss.uwTick    0x20000370        0x4 ./Drivers/STM32F1xx_HAL_Driver/Src/stm32f1xx_hal.o
                0x20000370                uwTick
 .bss.pxCurrentTCB
                0x20000374        0x4 ./Middlewares/Third_Party/FreeRTOS/Source/tasks.o
                0x20000374                pxCurrentTCB
 .bss.pxReadyTasksLists
                0x20000378       0x8c ./Middlewares/Third_Party/FreeRTOS/Source/tasks.o
 .bss.xDelayedTaskList1
                0x20000404       0x14 ./Middlewares/Third_Party/FreeRTOS/Source/tasks.o
 .bss.xDelayedTaskList2
                0x20000418       0x14 ./Middlewares/Third_Party/FreeRTOS/Source/tasks.o
 .bss.pxDelayedTaskList
                0x2000042c        0x4 ./Middlewares/Third_Party/FreeRTOS/Source/tasks.o
 .bss.pxOverflowDelayedTaskList
                0x20000430        0x4 ./Middlewares/Third_Party/FreeRTOS/Source/tasks.o
 .bss.xPendingReadyList
                0x20000434       0x14 ./Middlewares/Third_Party/FreeRTOS/Source/tasks.o
 .bss.xTasksWaitingTermination
                0x20000448       0x14 ./Middlewares/Third_Party/FreeRTOS/Source/tasks.o
 .bss.uxDeletedTasksWaitingCleanUp
                0x2000045c        0x4 ./Middlewares/Third_Party/FreeRTOS/Source/tasks.o
 .bss.xSuspendedTaskList
                0x20000460       0x14 ./Middlewares/Third_Party/FreeRTOS/Source/tasks.o
 .bss.uxCurrentNumberOfTasks
                0x20000474        0x4 ./Middlewares/Third_Party/FreeRTOS/Source/tasks.o
 .bss.xTickCount
                0x20000478        0x4 ./Middlewares/Third_Party/FreeRTOS/Source/tasks.o
 .bss.uxTopReadyPriority
                0x2000047c        0x4 ./Middlewares/Third_Party/FreeRTOS/Source/tasks.o
 .bss.xSchedulerRunning
                0x20000480        0x4 ./Middlewares/Third_Party/FreeRTOS/Source/tasks.o
 .bss.uxPendedTicks
                0x20000484        0x4 ./Middlewares/Third_Party/FreeRTOS/Source/tasks.o
 .bss.xYieldPending
                0x20000488        0x4 ./Middlewares/Third_Party/FreeRTOS/Source/tasks.o
 .bss.xNumOfOverflows
                0x2000048c        0x4 ./Middlewares/Third_Party/FreeRTOS/Source/tasks.o
 .bss.uxTaskNumber
                0x20000490        0x4 ./Middlewares/Third_Party/FreeRTOS/Source/tasks.o
 .bss.xNextTaskUnblockTime
                0x20000494        0x4 ./Middlewares/Third_Party/FreeRTOS/Source/tasks.o
 .bss.xIdleTaskHandle
                0x20000498        0x4 ./Middlewares/Third_Party/FreeRTOS/Source/tasks.o
 .bss.uxSchedulerSuspended
                0x2000049c        0x4 ./Middlewares/Third_Party/FreeRTOS/Source/tasks.o
 .bss.ucMaxSysCallPriority
                0x200004a0        0x1 ./Middlewares/Third_Party/FreeRTOS/Source/portable/GCC/ARM_CM3/port.o
 *fill*         0x200004a1        0x3 
 .bss.ulMaxPRIGROUPValue
                0x200004a4        0x4 ./Middlewares/Third_Party/FreeRTOS/Source/portable/GCC/ARM_CM3/port.o
 .bss.ucHeap    0x200004a8      0xc00 ./Middlewares/Third_Party/FreeRTOS/Source/portable/MemMang/heap_4.o
 .bss.xStart    0x200010a8        0x8 ./Middlewares/Third_Party/FreeRTOS/Source/portable/MemMang/heap_4.o
 .bss.pxEnd     0x200010b0        0x4 ./Middlewares/Third_Party/FreeRTOS/Source/portable/MemMang/heap_4.o
 .bss.xFreeBytesRemaining
                0x200010b4        0x4 ./Middlewares/Third_Party/FreeRTOS/Source/portable/MemMang/heap_4.o
 .bss.xMinimumEverFreeBytesRemaining
                0x200010b8        0x4 ./Middlewares/Third_Party/FreeRTOS/Source/portable/MemMang/heap_4.o
 .bss.xBlockAllocatedBit
                0x200010bc        0x4 ./Middlewares/Third_Party/FreeRTOS/Source/portable/MemMang/heap_4.o
 .bss.__sf      0x200010c0      0x138 C:/ST/STM32CubeIDE_1.15.1/STM32CubeIDE/plugins/com.st.stm32cube.ide.mcu.externaltools.gnu-tools-for-stm32.12.3.rel1.win32_1.0.100.202403111256/tools/bin/../lib/gcc/arm-none-eabi/12.3.1/../../../../arm-none-eabi/lib/thumb/v7-m/nofp\libc_nano.a(libc_a-findfp.o)
                0x200010c0                __sf
 .bss.__lock___malloc_recursive_mutex
                0x200011f8        0x1 C:/ST/STM32CubeIDE_1.15.1/STM32CubeIDE/plugins/com.st.stm32cube.ide.mcu.externaltools.gnu-tools-for-stm32.12.3.rel1.win32_1.0.100.202403111256/tools/bin/../lib/gcc/arm-none-eabi/12.3.1/../../../../arm-none-eabi/lib/thumb/v7-m/nofp\libc_nano.a(libc_a-lock.o)
                0x200011f8                __lock___malloc_recursive_mutex
 *fill*         0x200011f9        0x3 
 .bss.__malloc_free_list
                0x200011fc        0x4 C:/ST/STM32CubeIDE_1.15.1/STM32CubeIDE/plugins/com.st.stm32cube.ide.mcu.externaltools.gnu-tools-for-stm32.12.3.rel1.win32_1.0.100.202403111256/tools/bin/../lib/gcc/arm-none-eabi/12.3.1/../../../../arm-none-eabi/lib/thumb/v7-m/nofp\libc_nano.a(libc_a-mallocr.o)
                0x200011fc                __malloc_free_list
 *(COMMON)
                0x20001200                        . = ALIGN (0x4)
                0x20001200                        _ebss = .
                0x20001200                        __bss_end__ = _ebss

._user_heap_stack
                0x20001200      0x600 load address 0x08002f40
                0x20001200                        . = ALIGN (0x8)
                [!provide]                        PROVIDE (end = .)
                0x20001200                        PROVIDE (_end = .)
                0x20001400                        . = (. + _Min_Heap_Size)
 *fill*         0x20001200      0x200 
                0x20001800                        . = (. + _Min_Stack_Size)
 *fill*         0x20001400      0x400 
                0x20001800                        . = ALIGN (0x8)

/DISCARD/
 libc.a(*)
 libm.a(*)
 libgcc.a(*)

.ARM.attributes
                0x00000000       0x29
 *(.ARM.attributes)
 .ARM.attributes
                0x00000000       0x1d C:/ST/STM32CubeIDE_1.15.1/STM32CubeIDE/plugins/com.st.stm32cube.ide.mcu.externaltools.gnu-tools-for-stm32.12.3.rel1.win32_1.0.100.202403111256/tools/bin/../lib/gcc/arm-none-eabi/12.3.1/thumb/v7-m/nofp/crti.o
 .ARM.attributes
                0x0000001d       0x2d C:/ST/STM32CubeIDE_1.15.1/STM32CubeIDE/plugins/com.st.stm32cube.ide.mcu.externaltools.gnu-tools-for-stm32.12.3.rel1.win32_1.0.100.202403111256/tools/bin/../lib/gcc/arm-none-eabi/12.3.1/thumb/v7-m/nofp/crtbegin.o
 .ARM.attributes
                0x0000004a       0x2d ./Core/Src/freertos.o
 .ARM.attributes
                0x00000077       0x2d ./Core/Src/main.o
 .ARM.attributes
                0x000000a4       0x2d ./Core/Src/stm32f1xx_hal_msp.o
 .ARM.attributes
                0x000000d1       0x2d ./Core/Src/stm32f1xx_hal_timebase_tim.o
 .ARM.attributes
                0x000000fe       0x2d ./Core/Src/stm32f1xx_it.o
 .ARM.attributes
                0x0000012b       0x2d ./Core/Src/system_stm32f1xx.o
 .ARM.attributes
                0x00000158       0x21 ./Core/Startup/startup_stm32f103c8tx.o
 .ARM.attributes
                0x00000179       0x2d ./Drivers/STM32F1xx_HAL_Driver/Src/stm32f1xx_hal.o
 .ARM.attributes
                0x000001a6       0x2d ./Drivers/STM32F1xx_HAL_Driver/Src/stm32f1xx_hal_cortex.o
 .ARM.attributes
                0x000001d3       0x2d ./Drivers/STM32F1xx_HAL_Driver/Src/stm32f1xx_hal_gpio.o
 .ARM.attributes
                0x00000200       0x2d ./Drivers/STM32F1xx_HAL_Driver/Src/stm32f1xx_hal_rcc.o
 .ARM.attributes
                0x0000022d       0x2d ./Drivers/STM32F1xx_HAL_Driver/Src/stm32f1xx_hal_tim.o
 .ARM.attributes
                0x0000025a       0x2d ./Drivers/STM32F1xx_HAL_Driver/Src/stm32f1xx_hal_tim_ex.o
 .ARM.attributes
                0x00000287       0x2d ./Middlewares/Third_Party/FreeRTOS/Source/CMSIS_RTOS/cmsis_os.o
 .ARM.attributes
                0x000002b4       0x2d ./Middlewares/Third_Party/FreeRTOS/Source/list.o
 .ARM.attributes
                0x000002e1       0x2d ./Middlewares/Third_Party/FreeRTOS/Source/tasks.o
 .ARM.attributes
                0x0000030e       0x2d ./Middlewares/Third_Party/FreeRTOS/Source/portable/GCC/ARM_CM3/port.o
 .ARM.attributes
                0x0000033b       0x2d ./Middlewares/Third_Party/FreeRTOS/Source/portable/MemMang/heap_4.o
 .ARM.attributes
                0x00000368       0x2d C:/ST/STM32CubeIDE_1.15.1/STM32CubeIDE/plugins/com.st.stm32cube.ide.mcu.externaltools.gnu-tools-for-stm32.12.3.rel1.win32_1.0.100.202403111256/tools/bin/../lib/gcc/arm-none-eabi/12.3.1/../../../../arm-none-eabi/lib/thumb/v7-m/nofp\libc_nano.a(libc_a-findfp.o)
 .ARM.attributes
                0x00000395       0x2d C:/ST/STM32CubeIDE_1.15.1/STM32CubeIDE/plugins/com.st.stm32cube.ide.mcu.externaltools.gnu-tools-for-stm32.12.3.rel1.win32_1.0.100.202403111256/tools/bin/../lib/gcc/arm-none-eabi/12.3.1/../../../../arm-none-eabi/lib/thumb/v7-m/nofp\libc_nano.a(libc_a-memset.o)
 .ARM.attributes
                0x000003c2       0x2d C:/ST/STM32CubeIDE_1.15.1/STM32CubeIDE/plugins/com.st.stm32cube.ide.mcu.externaltools.gnu-tools-for-stm32.12.3.rel1.win32_1.0.100.202403111256/tools/bin/../lib/gcc/arm-none-eabi/12.3.1/../../../../arm-none-eabi/lib/thumb/v7-m/nofp\libc_nano.a(libc_a-reent.o)
 .ARM.attributes
                0x000003ef       0x2d C:/ST/STM32CubeIDE_1.15.1/STM32CubeIDE/plugins/com.st.stm32cube.ide.mcu.externaltools.gnu-tools-for-stm32.12.3.rel1.win32_1.0.100.202403111256/tools/bin/../lib/gcc/arm-none-eabi/12.3.1/../../../../arm-none-eabi/lib/thumb/v7-m/nofp\libc_nano.a(libc_a-impure.o)
 .ARM.attributes
                0x0000041c       0x2d C:/ST/STM32CubeIDE_1.15.1/STM32CubeIDE/plugins/com.st.stm32cube.ide.mcu.externaltools.gnu-tools-for-stm32.12.3.rel1.win32_1.0.100.202403111256/tools/bin/../lib/gcc/arm-none-eabi/12.3.1/../../../../arm-none-eabi/lib/thumb/v7-m/nofp\libc_nano.a(libc_a-init.o)
 .ARM.attributes
                0x00000449       0x2d C:/ST/STM32CubeIDE_1.15.1/STM32CubeIDE/plugins/com.st.stm32cube.ide.mcu.externaltools.gnu-tools-for-stm32.12.3.rel1.win32_1.0.100.202403111256/tools/bin/../lib/gcc/arm-none-eabi/12.3.1/../../../../arm-none-eabi/lib/thumb/v7-m/nofp\libc_nano.a(libc_a-lock.o)
 .ARM.attributes
                0x00000476       0x2d C:/ST/STM32CubeIDE_1.15.1/STM32CubeIDE/plugins/com.st.stm32cube.ide.mcu.externaltools.gnu-tools-for-stm32.12.3.rel1.win32_1.0.100.202403111256/tools/bin/../lib/gcc/arm-none-eabi/12.3.1/../../../../arm-none-eabi/lib/thumb/v7-m/nofp\libc_nano.a(libc_a-freer.o)
 .ARM.attributes
                0x000004a3       0x2d C:/ST/STM32CubeIDE_1.15.1/STM32CubeIDE/plugins/com.st.stm32cube.ide.mcu.externaltools.gnu-tools-for-stm32.12.3.rel1.win32_1.0.100.202403111256/tools/bin/../lib/gcc/arm-none-eabi/12.3.1/../../../../arm-none-eabi/lib/thumb/v7-m/nofp\libc_nano.a(libc_a-mallocr.o)
 .ARM.attributes
                0x000004d0       0x2d C:/ST/STM32CubeIDE_1.15.1/STM32CubeIDE/plugins/com.st.stm32cube.ide.mcu.externaltools.gnu-tools-for-stm32.12.3.rel1.win32_1.0.100.202403111256/tools/bin/../lib/gcc/arm-none-eabi/12.3.1/../../../../arm-none-eabi/lib/thumb/v7-m/nofp\libc_nano.a(libc_a-mlock.o)
 .ARM.attributes
                0x000004fd       0x1d C:/ST/STM32CubeIDE_1.15.1/STM32CubeIDE/plugins/com.st.stm32cube.ide.mcu.externaltools.gnu-tools-for-stm32.12.3.rel1.win32_1.0.100.202403111256/tools/bin/../lib/gcc/arm-none-eabi/12.3.1/thumb/v7-m/nofp/crtn.o
OUTPUT(freertos.elf elf32-littlearm)
LOAD linker stubs
LOAD C:/ST/STM32CubeIDE_1.15.1/STM32CubeIDE/plugins/com.st.stm32cube.ide.mcu.externaltools.gnu-tools-for-stm32.12.3.rel1.win32_1.0.100.202403111256/tools/bin/../lib/gcc/arm-none-eabi/12.3.1/../../../../arm-none-eabi/lib/thumb/v7-m/nofp\libc.a
LOAD C:/ST/STM32CubeIDE_1.15.1/STM32CubeIDE/plugins/com.st.stm32cube.ide.mcu.externaltools.gnu-tools-for-stm32.12.3.rel1.win32_1.0.100.202403111256/tools/bin/../lib/gcc/arm-none-eabi/12.3.1/../../../../arm-none-eabi/lib/thumb/v7-m/nofp\libm.a
LOAD C:/ST/STM32CubeIDE_1.15.1/STM32CubeIDE/plugins/com.st.stm32cube.ide.mcu.externaltools.gnu-tools-for-stm32.12.3.rel1.win32_1.0.100.202403111256/tools/bin/../lib/gcc/arm-none-eabi/12.3.1/thumb/v7-m/nofp\libgcc.a

.debug_info     0x00000000     0xe03e
 .debug_info    0x00000000      0x919 ./Core/Src/freertos.o
 .debug_info    0x00000919     0x150c ./Core/Src/main.o
 .debug_info    0x00001e25      0x361 ./Core/Src/stm32f1xx_hal_msp.o
 .debug_info    0x00002186      0x9a8 ./Core/Src/stm32f1xx_hal_timebase_tim.o
 .debug_info    0x00002b2e      0x66a ./Core/Src/stm32f1xx_it.o
 .debug_info    0x00003198      0x222 ./Core/Src/system_stm32f1xx.o
 .debug_info    0x000033ba       0x30 ./Core/Startup/startup_stm32f103c8tx.o
 .debug_info    0x000033ea      0x704 ./Drivers/STM32F1xx_HAL_Driver/Src/stm32f1xx_hal.o
 .debug_info    0x00003aee      0xa87 ./Drivers/STM32F1xx_HAL_Driver/Src/stm32f1xx_hal_cortex.o
 .debug_info    0x00004575      0x5ab ./Drivers/STM32F1xx_HAL_Driver/Src/stm32f1xx_hal_gpio.o
 .debug_info    0x00004b20      0x7d5 ./Drivers/STM32F1xx_HAL_Driver/Src/stm32f1xx_hal_rcc.o
 .debug_info    0x000052f5     0x293b ./Drivers/STM32F1xx_HAL_Driver/Src/stm32f1xx_hal_tim.o
 .debug_info    0x00007c30     0x149b ./Drivers/STM32F1xx_HAL_Driver/Src/stm32f1xx_hal_tim_ex.o
 .debug_info    0x000090cb     0x21bf ./Middlewares/Third_Party/FreeRTOS/Source/CMSIS_RTOS/cmsis_os.o
 .debug_info    0x0000b28a      0x2aa ./Middlewares/Third_Party/FreeRTOS/Source/list.o
 .debug_info    0x0000b534     0x22b3 ./Middlewares/Third_Party/FreeRTOS/Source/tasks.o
 .debug_info    0x0000d7e7      0x494 ./Middlewares/Third_Party/FreeRTOS/Source/portable/GCC/ARM_CM3/port.o
 .debug_info    0x0000dc7b      0x3c3 ./Middlewares/Third_Party/FreeRTOS/Source/portable/MemMang/heap_4.o

.debug_abbrev   0x00000000     0x25f3
 .debug_abbrev  0x00000000      0x16f ./Core/Src/freertos.o
 .debug_abbrev  0x0000016f      0x2ef ./Core/Src/main.o
 .debug_abbrev  0x0000045e      0x11c ./Core/Src/stm32f1xx_hal_msp.o
 .debug_abbrev  0x0000057a      0x1f3 ./Core/Src/stm32f1xx_hal_timebase_tim.o
 .debug_abbrev  0x0000076d      0x17c ./Core/Src/stm32f1xx_it.o
 .debug_abbrev  0x000008e9      0x13f ./Core/Src/system_stm32f1xx.o
 .debug_abbrev  0x00000a28       0x24 ./Core/Startup/startup_stm32f103c8tx.o
 .debug_abbrev  0x00000a4c      0x201 ./Drivers/STM32F1xx_HAL_Driver/Src/stm32f1xx_hal.o
 .debug_abbrev  0x00000c4d      0x2f8 ./Drivers/STM32F1xx_HAL_Driver/Src/stm32f1xx_hal_cortex.o
 .debug_abbrev  0x00000f45      0x1ca ./Drivers/STM32F1xx_HAL_Driver/Src/stm32f1xx_hal_gpio.o
 .debug_abbrev  0x0000110f      0x2b3 ./Drivers/STM32F1xx_HAL_Driver/Src/stm32f1xx_hal_rcc.o
 .debug_abbrev  0x000013c2      0x277 ./Drivers/STM32F1xx_HAL_Driver/Src/stm32f1xx_hal_tim.o
 .debug_abbrev  0x00001639      0x282 ./Drivers/STM32F1xx_HAL_Driver/Src/stm32f1xx_hal_tim_ex.o
 .debug_abbrev  0x000018bb      0x416 ./Middlewares/Third_Party/FreeRTOS/Source/CMSIS_RTOS/cmsis_os.o
 .debug_abbrev  0x00001cd1       0xf5 ./Middlewares/Third_Party/FreeRTOS/Source/list.o
 .debug_abbrev  0x00001dc6      0x3d0 ./Middlewares/Third_Party/FreeRTOS/Source/tasks.o
 .debug_abbrev  0x00002196      0x258 ./Middlewares/Third_Party/FreeRTOS/Source/portable/GCC/ARM_CM3/port.o
 .debug_abbrev  0x000023ee      0x205 ./Middlewares/Third_Party/FreeRTOS/Source/portable/MemMang/heap_4.o

.debug_aranges  0x00000000      0xdf0
 .debug_aranges
                0x00000000       0x20 ./Core/Src/freertos.o
 .debug_aranges
                0x00000020       0x58 ./Core/Src/main.o
 .debug_aranges
                0x00000078       0x20 ./Core/Src/stm32f1xx_hal_msp.o
 .debug_aranges
                0x00000098       0x30 ./Core/Src/stm32f1xx_hal_timebase_tim.o
 .debug_aranges
                0x000000c8       0x50 ./Core/Src/stm32f1xx_it.o
 .debug_aranges
                0x00000118       0x28 ./Core/Src/system_stm32f1xx.o
 .debug_aranges
                0x00000140       0x28 ./Core/Startup/startup_stm32f103c8tx.o
 .debug_aranges
                0x00000168       0xe0 ./Drivers/STM32F1xx_HAL_Driver/Src/stm32f1xx_hal.o
 .debug_aranges
                0x00000248      0x100 ./Drivers/STM32F1xx_HAL_Driver/Src/stm32f1xx_hal_cortex.o
 .debug_aranges
                0x00000348       0x58 ./Drivers/STM32F1xx_HAL_Driver/Src/stm32f1xx_hal_gpio.o
 .debug_aranges
                0x000003a0       0x90 ./Drivers/STM32F1xx_HAL_Driver/Src/stm32f1xx_hal_rcc.o
 .debug_aranges
                0x00000430      0x3d0 ./Drivers/STM32F1xx_HAL_Driver/Src/stm32f1xx_hal_tim.o
 .debug_aranges
                0x00000800      0x168 ./Drivers/STM32F1xx_HAL_Driver/Src/stm32f1xx_hal_tim_ex.o
 .debug_aranges
                0x00000968      0x1d8 ./Middlewares/Third_Party/FreeRTOS/Source/CMSIS_RTOS/cmsis_os.o
 .debug_aranges
                0x00000b40       0x40 ./Middlewares/Third_Party/FreeRTOS/Source/list.o
 .debug_aranges
                0x00000b80      0x1a8 ./Middlewares/Third_Party/FreeRTOS/Source/tasks.o
 .debug_aranges
                0x00000d28       0x78 ./Middlewares/Third_Party/FreeRTOS/Source/portable/GCC/ARM_CM3/port.o
 .debug_aranges
                0x00000da0       0x50 ./Middlewares/Third_Party/FreeRTOS/Source/portable/MemMang/heap_4.o

.debug_rnglists
                0x00000000      0xab1
 .debug_rnglists
                0x00000000       0x13 ./Core/Src/freertos.o
 .debug_rnglists
                0x00000013       0x3f ./Core/Src/main.o
 .debug_rnglists
                0x00000052       0x13 ./Core/Src/stm32f1xx_hal_msp.o
 .debug_rnglists
                0x00000065       0x20 ./Core/Src/stm32f1xx_hal_timebase_tim.o
 .debug_rnglists
                0x00000085       0x37 ./Core/Src/stm32f1xx_it.o
 .debug_rnglists
                0x000000bc       0x1a ./Core/Src/system_stm32f1xx.o
 .debug_rnglists
                0x000000d6       0x19 ./Core/Startup/startup_stm32f103c8tx.o
 .debug_rnglists
                0x000000ef       0xa3 ./Drivers/STM32F1xx_HAL_Driver/Src/stm32f1xx_hal.o
 .debug_rnglists
                0x00000192       0xbb ./Drivers/STM32F1xx_HAL_Driver/Src/stm32f1xx_hal_cortex.o
 .debug_rnglists
                0x0000024d       0x3f ./Drivers/STM32F1xx_HAL_Driver/Src/stm32f1xx_hal_gpio.o
 .debug_rnglists
                0x0000028c       0x6c ./Drivers/STM32F1xx_HAL_Driver/Src/stm32f1xx_hal_rcc.o
 .debug_rnglists
                0x000002f8      0x31a ./Drivers/STM32F1xx_HAL_Driver/Src/stm32f1xx_hal_tim.o
 .debug_rnglists
                0x00000612      0x125 ./Drivers/STM32F1xx_HAL_Driver/Src/stm32f1xx_hal_tim_ex.o
 .debug_rnglists
                0x00000737      0x16a ./Middlewares/Third_Party/FreeRTOS/Source/CMSIS_RTOS/cmsis_os.o
 .debug_rnglists
                0x000008a1       0x2b ./Middlewares/Third_Party/FreeRTOS/Source/list.o
 .debug_rnglists
                0x000008cc      0x153 ./Middlewares/Third_Party/FreeRTOS/Source/tasks.o
 .debug_rnglists
                0x00000a1f       0x57 ./Middlewares/Third_Party/FreeRTOS/Source/portable/GCC/ARM_CM3/port.o
 .debug_rnglists
                0x00000a76       0x3b ./Middlewares/Third_Party/FreeRTOS/Source/portable/MemMang/heap_4.o

.debug_macro    0x00000000    0x1878a
 .debug_macro   0x00000000      0x2a8 ./Core/Src/freertos.o
 .debug_macro   0x000002a8      0xaa8 ./Core/Src/freertos.o
 .debug_macro   0x00000d50      0x189 ./Core/Src/freertos.o
 .debug_macro   0x00000ed9       0x22 ./Core/Src/freertos.o
 .debug_macro   0x00000efb       0x8e ./Core/Src/freertos.o
 .debug_macro   0x00000f89       0x51 ./Core/Src/freertos.o
 .debug_macro   0x00000fda      0x103 ./Core/Src/freertos.o
 .debug_macro   0x000010dd       0x6a ./Core/Src/freertos.o
 .debug_macro   0x00001147      0x1df ./Core/Src/freertos.o
 .debug_macro   0x00001326       0xdc ./Core/Src/freertos.o
 .debug_macro   0x00001402      0x15a ./Core/Src/freertos.o
 .debug_macro   0x0000155c       0xd7 ./Core/Src/freertos.o
 .debug_macro   0x00001633       0x10 ./Core/Src/freertos.o
 .debug_macro   0x00001643       0x1f ./Core/Src/freertos.o
 .debug_macro   0x00001662       0x61 ./Core/Src/freertos.o
 .debug_macro   0x000016c3       0x24 ./Core/Src/freertos.o
 .debug_macro   0x000016e7       0x43 ./Core/Src/freertos.o
 .debug_macro   0x0000172a       0x34 ./Core/Src/freertos.o
 .debug_macro   0x0000175e       0x16 ./Core/Src/freertos.o
 .debug_macro   0x00001774       0x43 ./Core/Src/freertos.o
 .debug_macro   0x000017b7       0x34 ./Core/Src/freertos.o
 .debug_macro   0x000017eb       0x10 ./Core/Src/freertos.o
 .debug_macro   0x000017fb       0x58 ./Core/Src/freertos.o
 .debug_macro   0x00001853       0x8e ./Core/Src/freertos.o
 .debug_macro   0x000018e1       0x1c ./Core/Src/freertos.o
 .debug_macro   0x000018fd      0x177 ./Core/Src/freertos.o
 .debug_macro   0x00001a74       0x10 ./Core/Src/freertos.o
 .debug_macro   0x00001a84       0x35 ./Core/Src/freertos.o
 .debug_macro   0x00001ab9      0x4b1 ./Core/Src/freertos.o
 .debug_macro   0x00001f6a       0xb5 ./Core/Src/freertos.o
 .debug_macro   0x0000201f       0x8c ./Core/Src/freertos.o
 .debug_macro   0x000020ab      0x215 ./Core/Src/freertos.o
 .debug_macro   0x000022c0       0x2e ./Core/Src/freertos.o
 .debug_macro   0x000022ee       0x22 ./Core/Src/freertos.o
 .debug_macro   0x00002310       0x1c ./Core/Src/freertos.o
 .debug_macro   0x0000232c       0x22 ./Core/Src/freertos.o
 .debug_macro   0x0000234e       0xbd ./Core/Src/freertos.o
 .debug_macro   0x0000240b      0xd23 ./Core/Src/freertos.o
 .debug_macro   0x0000312e     0xe09e ./Core/Src/freertos.o
 .debug_macro   0x000111cc       0x6d ./Core/Src/freertos.o
 .debug_macro   0x00011239     0x348d ./Core/Src/freertos.o
 .debug_macro   0x000146c6       0x5c ./Core/Src/freertos.o
 .debug_macro   0x00014722      0x5bc ./Core/Src/freertos.o
 .debug_macro   0x00014cde      0x289 ./Core/Src/freertos.o
 .debug_macro   0x00014f67      0x1cb ./Core/Src/freertos.o
 .debug_macro   0x00015132      0x114 ./Core/Src/freertos.o
 .debug_macro   0x00015246      0x1b2 ./Core/Src/freertos.o
 .debug_macro   0x000153f8       0x27 ./Core/Src/freertos.o
 .debug_macro   0x0001541f      0x136 ./Core/Src/freertos.o
 .debug_macro   0x00015555      0x1bc ./Core/Src/freertos.o
 .debug_macro   0x00015711       0x34 ./Core/Src/freertos.o
 .debug_macro   0x00015745       0x3c ./Core/Src/freertos.o
 .debug_macro   0x00015781       0x57 ./Core/Src/freertos.o
 .debug_macro   0x000157d8       0x87 ./Core/Src/freertos.o
 .debug_macro   0x0001585f      0x240 ./Core/Src/freertos.o
 .debug_macro   0x00015a9f      0x140 ./Core/Src/freertos.o
 .debug_macro   0x00015bdf      0x8ed ./Core/Src/freertos.o
 .debug_macro   0x000164cc       0x83 ./Core/Src/freertos.o
 .debug_macro   0x0001654f      0x2f3 ./Core/Src/main.o
 .debug_macro   0x00016842       0xdc ./Core/Src/main.o
 .debug_macro   0x0001691e       0x91 ./Core/Src/main.o
 .debug_macro   0x000169af       0x8d ./Core/Src/main.o
 .debug_macro   0x00016a3c       0x7e ./Core/Src/main.o
 .debug_macro   0x00016aba       0x19 ./Core/Src/main.o
 .debug_macro   0x00016ad3       0xf2 ./Core/Src/main.o
 .debug_macro   0x00016bc5      0x1a3 ./Core/Src/stm32f1xx_hal_msp.o
 .debug_macro   0x00016d68      0x199 ./Core/Src/stm32f1xx_hal_timebase_tim.o
 .debug_macro   0x00016f01      0x1ad ./Core/Src/stm32f1xx_it.o
 .debug_macro   0x000170ae      0x199 ./Core/Src/system_stm32f1xx.o
 .debug_macro   0x00017247      0x1bd ./Drivers/STM32F1xx_HAL_Driver/Src/stm32f1xx_hal.o
 .debug_macro   0x00017404      0x199 ./Drivers/STM32F1xx_HAL_Driver/Src/stm32f1xx_hal_cortex.o
 .debug_macro   0x0001759d      0x204 ./Drivers/STM32F1xx_HAL_Driver/Src/stm32f1xx_hal_gpio.o
 .debug_macro   0x000177a1      0x1ab ./Drivers/STM32F1xx_HAL_Driver/Src/stm32f1xx_hal_rcc.o
 .debug_macro   0x0001794c      0x19a ./Drivers/STM32F1xx_HAL_Driver/Src/stm32f1xx_hal_tim.o
 .debug_macro   0x00017ae6      0x199 ./Drivers/STM32F1xx_HAL_Driver/Src/stm32f1xx_hal_tim_ex.o
 .debug_macro   0x00017c7f      0x210 ./Middlewares/Third_Party/FreeRTOS/Source/CMSIS_RTOS/cmsis_os.o
 .debug_macro   0x00017e8f       0x10 ./Middlewares/Third_Party/FreeRTOS/Source/CMSIS_RTOS/cmsis_os.o
 .debug_macro   0x00017e9f       0x20 ./Middlewares/Third_Party/FreeRTOS/Source/CMSIS_RTOS/cmsis_os.o
 .debug_macro   0x00017ebf       0x16 ./Middlewares/Third_Party/FreeRTOS/Source/CMSIS_RTOS/cmsis_os.o
 .debug_macro   0x00017ed5       0xab ./Middlewares/Third_Party/FreeRTOS/Source/CMSIS_RTOS/cmsis_os.o
 .debug_macro   0x00017f80      0x199 ./Middlewares/Third_Party/FreeRTOS/Source/list.o
 .debug_macro   0x00018119      0x292 ./Middlewares/Third_Party/FreeRTOS/Source/tasks.o
 .debug_macro   0x000183ab       0x10 ./Middlewares/Third_Party/FreeRTOS/Source/tasks.o
 .debug_macro   0x000183bb      0x20f ./Middlewares/Third_Party/FreeRTOS/Source/portable/GCC/ARM_CM3/port.o
 .debug_macro   0x000185ca      0x1c0 ./Middlewares/Third_Party/FreeRTOS/Source/portable/MemMang/heap_4.o

.debug_line     0x00000000     0xf259
 .debug_line    0x00000000      0x91b ./Core/Src/freertos.o
 .debug_line    0x0000091b      0xae4 ./Core/Src/main.o
 .debug_line    0x000013ff      0x6ee ./Core/Src/stm32f1xx_hal_msp.o
 .debug_line    0x00001aed      0x769 ./Core/Src/stm32f1xx_hal_timebase_tim.o
 .debug_line    0x00002256      0x789 ./Core/Src/stm32f1xx_it.o
 .debug_line    0x000029df      0x76b ./Core/Src/system_stm32f1xx.o
 .debug_line    0x0000314a       0x78 ./Core/Startup/startup_stm32f103c8tx.o
 .debug_line    0x000031c2      0x998 ./Drivers/STM32F1xx_HAL_Driver/Src/stm32f1xx_hal.o
 .debug_line    0x00003b5a      0xb84 ./Drivers/STM32F1xx_HAL_Driver/Src/stm32f1xx_hal_cortex.o
 .debug_line    0x000046de      0xa31 ./Drivers/STM32F1xx_HAL_Driver/Src/stm32f1xx_hal_gpio.o
 .debug_line    0x0000510f      0xda1 ./Drivers/STM32F1xx_HAL_Driver/Src/stm32f1xx_hal_rcc.o
 .debug_line    0x00005eb0     0x34a2 ./Drivers/STM32F1xx_HAL_Driver/Src/stm32f1xx_hal_tim.o
 .debug_line    0x00009352     0x18f7 ./Drivers/STM32F1xx_HAL_Driver/Src/stm32f1xx_hal_tim_ex.o
 .debug_line    0x0000ac49     0x1270 ./Middlewares/Third_Party/FreeRTOS/Source/CMSIS_RTOS/cmsis_os.o
 .debug_line    0x0000beb9      0x7a0 ./Middlewares/Third_Party/FreeRTOS/Source/list.o
 .debug_line    0x0000c659     0x198c ./Middlewares/Third_Party/FreeRTOS/Source/tasks.o
 .debug_line    0x0000dfe5      0x90f ./Middlewares/Third_Party/FreeRTOS/Source/portable/GCC/ARM_CM3/port.o
 .debug_line    0x0000e8f4      0x965 ./Middlewares/Third_Party/FreeRTOS/Source/portable/MemMang/heap_4.o

.debug_str      0x00000000    0x8fb61
 .debug_str     0x00000000    0x86f97 ./Core/Src/freertos.o
                              0x87342 (size before relaxing)
 .debug_str     0x00086f97     0x2b63 ./Core/Src/main.o
                              0x89ebc (size before relaxing)
 .debug_str     0x00089afa      0x2dd ./Core/Src/stm32f1xx_hal_msp.o
                              0x81ce2 (size before relaxing)
 .debug_str     0x00089dd7      0x11a ./Core/Src/stm32f1xx_hal_timebase_tim.o
                              0x822e1 (size before relaxing)
 .debug_str     0x00089ef1       0xb5 ./Core/Src/stm32f1xx_it.o
                              0x81ebd (size before relaxing)
 .debug_str     0x00089fa6       0x7e ./Core/Src/system_stm32f1xx.o
                              0x81a19 (size before relaxing)
 .debug_str     0x0008a024       0x44 ./Core/Startup/startup_stm32f103c8tx.o
                                 0x65 (size before relaxing)
 .debug_str     0x0008a068      0x34a ./Drivers/STM32F1xx_HAL_Driver/Src/stm32f1xx_hal.o
                              0x8214c (size before relaxing)
 .debug_str     0x0008a3b2      0x29f ./Drivers/STM32F1xx_HAL_Driver/Src/stm32f1xx_hal_cortex.o
                              0x82098 (size before relaxing)
 .debug_str     0x0008a651      0x2e3 ./Drivers/STM32F1xx_HAL_Driver/Src/stm32f1xx_hal_gpio.o
                              0x81d9f (size before relaxing)
 .debug_str     0x0008a934      0x1f3 ./Drivers/STM32F1xx_HAL_Driver/Src/stm32f1xx_hal_rcc.o
                              0x81e48 (size before relaxing)
 .debug_str     0x0008ab27      0xe69 ./Drivers/STM32F1xx_HAL_Driver/Src/stm32f1xx_hal_tim.o
                              0x82e3a (size before relaxing)
 .debug_str     0x0008b990      0x503 ./Drivers/STM32F1xx_HAL_Driver/Src/stm32f1xx_hal_tim_ex.o
                              0x82656 (size before relaxing)
 .debug_str     0x0008be93     0x204e ./Middlewares/Third_Party/FreeRTOS/Source/CMSIS_RTOS/cmsis_os.o
                               0xe49b (size before relaxing)
 .debug_str     0x0008dee1      0x21b ./Middlewares/Third_Party/FreeRTOS/Source/list.o
                               0xa792 (size before relaxing)
 .debug_str     0x0008e0fc     0x11b4 ./Middlewares/Third_Party/FreeRTOS/Source/tasks.o
                               0xcdd3 (size before relaxing)
 .debug_str     0x0008f2b0      0x66e ./Middlewares/Third_Party/FreeRTOS/Source/portable/GCC/ARM_CM3/port.o
                               0x9d61 (size before relaxing)
 .debug_str     0x0008f91e      0x243 ./Middlewares/Third_Party/FreeRTOS/Source/portable/MemMang/heap_4.o
                               0xaedf (size before relaxing)

.comment        0x00000000       0x43
 .comment       0x00000000       0x43 ./Core/Src/freertos.o
                                 0x44 (size before relaxing)
 .comment       0x00000043       0x44 ./Core/Src/main.o
 .comment       0x00000043       0x44 ./Core/Src/stm32f1xx_hal_msp.o
 .comment       0x00000043       0x44 ./Core/Src/stm32f1xx_hal_timebase_tim.o
 .comment       0x00000043       0x44 ./Core/Src/stm32f1xx_it.o
 .comment       0x00000043       0x44 ./Core/Src/system_stm32f1xx.o
 .comment       0x00000043       0x44 ./Drivers/STM32F1xx_HAL_Driver/Src/stm32f1xx_hal.o
 .comment       0x00000043       0x44 ./Drivers/STM32F1xx_HAL_Driver/Src/stm32f1xx_hal_cortex.o
 .comment       0x00000043       0x44 ./Drivers/STM32F1xx_HAL_Driver/Src/stm32f1xx_hal_gpio.o
 .comment       0x00000043       0x44 ./Drivers/STM32F1xx_HAL_Driver/Src/stm32f1xx_hal_rcc.o
 .comment       0x00000043       0x44 ./Drivers/STM32F1xx_HAL_Driver/Src/stm32f1xx_hal_tim.o
 .comment       0x00000043       0x44 ./Drivers/STM32F1xx_HAL_Driver/Src/stm32f1xx_hal_tim_ex.o
 .comment       0x00000043       0x44 ./Middlewares/Third_Party/FreeRTOS/Source/CMSIS_RTOS/cmsis_os.o
 .comment       0x00000043       0x44 ./Middlewares/Third_Party/FreeRTOS/Source/list.o
 .comment       0x00000043       0x44 ./Middlewares/Third_Party/FreeRTOS/Source/tasks.o
 .comment       0x00000043       0x44 ./Middlewares/Third_Party/FreeRTOS/Source/portable/GCC/ARM_CM3/port.o
 .comment       0x00000043       0x44 ./Middlewares/Third_Party/FreeRTOS/Source/portable/MemMang/heap_4.o

.debug_frame    0x00000000     0x3bb0
 .debug_frame   0x00000000       0x38 ./Core/Src/freertos.o
 .debug_frame   0x00000038      0x118 ./Core/Src/main.o
 .debug_frame   0x00000150       0x34 ./Core/Src/stm32f1xx_hal_msp.o
 .debug_frame   0x00000184       0x74 ./Core/Src/stm32f1xx_hal_timebase_tim.o
 .debug_frame   0x000001f8       0xc4 ./Core/Src/stm32f1xx_it.o
 .debug_frame   0x000002bc       0x58 ./Core/Src/system_stm32f1xx.o
 .debug_frame   0x00000314      0x334 ./Drivers/STM32F1xx_HAL_Driver/Src/stm32f1xx_hal.o
 .debug_frame   0x00000648      0x428 ./Drivers/STM32F1xx_HAL_Driver/Src/stm32f1xx_hal_cortex.o
 .debug_frame   0x00000a70      0x14c ./Drivers/STM32F1xx_HAL_Driver/Src/stm32f1xx_hal_gpio.o
 .debug_frame   0x00000bbc      0x218 ./Drivers/STM32F1xx_HAL_Driver/Src/stm32f1xx_hal_rcc.o
 .debug_frame   0x00000dd4     0x11bc ./Drivers/STM32F1xx_HAL_Driver/Src/stm32f1xx_hal_tim.o
 .debug_frame   0x00001f90      0x638 ./Drivers/STM32F1xx_HAL_Driver/Src/stm32f1xx_hal_tim_ex.o
 .debug_frame   0x000025c8      0x80c ./Middlewares/Third_Party/FreeRTOS/Source/CMSIS_RTOS/cmsis_os.o
 .debug_frame   0x00002dd4       0xd8 ./Middlewares/Third_Party/FreeRTOS/Source/list.o
 .debug_frame   0x00002eac      0x734 ./Middlewares/Third_Party/FreeRTOS/Source/tasks.o
 .debug_frame   0x000035e0      0x198 ./Middlewares/Third_Party/FreeRTOS/Source/portable/GCC/ARM_CM3/port.o
 .debug_frame   0x00003778      0x108 ./Middlewares/Third_Party/FreeRTOS/Source/portable/MemMang/heap_4.o
 .debug_frame   0x00003880      0x144 C:/ST/STM32CubeIDE_1.15.1/STM32CubeIDE/plugins/com.st.stm32cube.ide.mcu.externaltools.gnu-tools-for-stm32.12.3.rel1.win32_1.0.100.202403111256/tools/bin/../lib/gcc/arm-none-eabi/12.3.1/../../../../arm-none-eabi/lib/thumb/v7-m/nofp\libc_nano.a(libc_a-findfp.o)
 .debug_frame   0x000039c4       0x20 C:/ST/STM32CubeIDE_1.15.1/STM32CubeIDE/plugins/com.st.stm32cube.ide.mcu.externaltools.gnu-tools-for-stm32.12.3.rel1.win32_1.0.100.202403111256/tools/bin/../lib/gcc/arm-none-eabi/12.3.1/../../../../arm-none-eabi/lib/thumb/v7-m/nofp\libc_nano.a(libc_a-memset.o)
 .debug_frame   0x000039e4       0x38 C:/ST/STM32CubeIDE_1.15.1/STM32CubeIDE/plugins/com.st.stm32cube.ide.mcu.externaltools.gnu-tools-for-stm32.12.3.rel1.win32_1.0.100.202403111256/tools/bin/../lib/gcc/arm-none-eabi/12.3.1/../../../../arm-none-eabi/lib/thumb/v7-m/nofp\libc_nano.a(libc_a-reent.o)
 .debug_frame   0x00003a1c       0x2c C:/ST/STM32CubeIDE_1.15.1/STM32CubeIDE/plugins/com.st.stm32cube.ide.mcu.externaltools.gnu-tools-for-stm32.12.3.rel1.win32_1.0.100.202403111256/tools/bin/../lib/gcc/arm-none-eabi/12.3.1/../../../../arm-none-eabi/lib/thumb/v7-m/nofp\libc_nano.a(libc_a-init.o)
 .debug_frame   0x00003a48       0xb0 C:/ST/STM32CubeIDE_1.15.1/STM32CubeIDE/plugins/com.st.stm32cube.ide.mcu.externaltools.gnu-tools-for-stm32.12.3.rel1.win32_1.0.100.202403111256/tools/bin/../lib/gcc/arm-none-eabi/12.3.1/../../../../arm-none-eabi/lib/thumb/v7-m/nofp\libc_nano.a(libc_a-lock.o)
 .debug_frame   0x00003af8       0x38 C:/ST/STM32CubeIDE_1.15.1/STM32CubeIDE/plugins/com.st.stm32cube.ide.mcu.externaltools.gnu-tools-for-stm32.12.3.rel1.win32_1.0.100.202403111256/tools/bin/../lib/gcc/arm-none-eabi/12.3.1/../../../../arm-none-eabi/lib/thumb/v7-m/nofp\libc_nano.a(libc_a-freer.o)
 .debug_frame   0x00003b30       0x50 C:/ST/STM32CubeIDE_1.15.1/STM32CubeIDE/plugins/com.st.stm32cube.ide.mcu.externaltools.gnu-tools-for-stm32.12.3.rel1.win32_1.0.100.202403111256/tools/bin/../lib/gcc/arm-none-eabi/12.3.1/../../../../arm-none-eabi/lib/thumb/v7-m/nofp\libc_nano.a(libc_a-mallocr.o)
 .debug_frame   0x00003b80       0x30 C:/ST/STM32CubeIDE_1.15.1/STM32CubeIDE/plugins/com.st.stm32cube.ide.mcu.externaltools.gnu-tools-for-stm32.12.3.rel1.win32_1.0.100.202403111256/tools/bin/../lib/gcc/arm-none-eabi/12.3.1/../../../../arm-none-eabi/lib/thumb/v7-m/nofp\libc_nano.a(libc_a-mlock.o)

.debug_line_str
                0x00000000       0x49
 .debug_line_str
                0x00000000       0x49 ./Core/Startup/startup_stm32f103c8tx.o
